python : {"timestamp": 
"2025-12-02T20:23:18.387401", 
"service": "ingestion-engine", 
"level": "INFO", "message": 
"MarketDataConnector 
initialized", "cache_dir": 
"./data/cache"}
At line:1 char:1
+ python 
agent_platform/main.py run 
2>&1 | Out-File -FilePath 
test_outp ...
+ ~~~~~~~~~~~~~~~~~~~~~~~~~~~~~
~~~~~~~~~
    + CategoryInfo             
 : NotSpecified: ({    
"timestamp": "..."./d    
ata/cache"}:String) [    ], 
RemoteException
    + FullyQualifiedError    
Id : NativeCommandErr    or
 
E:\KENGEL\market-analyst-projec
t\agent_platform\main.py:29: 
UserWarning: [EXPERIMENTAL] 
InMemoryCredentialService: 
This feature is experimental 
and may change or be removed 
in future versions without 
notice. It may introduce 
breaking changes at any time.
  credential_service = 
InMemoryCredentialService()
C:\Users\devve\AppData\Local\Pa
ckages\PythonSoftwareFoundation
.Python.3.12_qbz5n2kfra8p0\Loca
lCache\local-packages\Python312
\site-packages\google\adk\auth\
credential_service\in_memory_cr
edential_service.py:33: 
UserWarning: [EXPERIMENTAL] 
BaseCredentialService: This 
feature is experimental and 
may change or be removed in 
future versions without 
notice. It may introduce 
breaking changes at any time.
  super().__init__()
======================================================================
≡ƒÅ¢∩╕Å  TITAN PLATFORM - Enterprise Investment Analysis System
======================================================================

Phase: Month 1 - Foundation
Hierarchy: L1 (CEO) ΓåÆ L2 (HeadOfQuant) ΓåÆ L3 (TechnicalAnalyst)

Available Analysis:
  Γ£à Technical Analysis: RSI, MACD, Bollinger Bands, Support/Resistance
  ≡ƒöä Fundamental Analysis: Coming in Month 2
  ≡ƒöä News/Sentiment Intelligence: Coming in Month 2
  ≡ƒöä Risk Management: Coming in Month 2
  ≡ƒöä Strategy Validation: Coming in Month 3

======================================================================

Type 'quit' or 'exit' to stop

Warning: there are non-text 
parts in the response: 
['function_call'], returning 
concatenated text result from 
text parts. Check the full 
candidates.content.parts 
accessor to get the full model 
response.
Warning: there are non-text 
parts in the response: 
['function_call'], returning 
concatenated text result from 
text parts. Check the full 
candidates.content.parts 
accessor to get the full model 
response.
Warning: there are non-text 
parts in the response: 
['function_call', 
'function_call', 
'function_call'], returning 
concatenated text result from 
text parts. Check the full 
candidates.content.parts 
accessor to get the full model 
response.
{"timestamp": 
"2025-12-02T20:23:47.475573", 
"service": "ingestion-engine", 
"level": "INFO", "message": 
"Fetching data for TSLA", 
"ticker": "TSLA", "period": 
"1y"}
{"timestamp": 
"2025-12-02T20:23:48.518430", 
"service": "ingestion-engine", 
"level": "INFO", "message": 
"Successfully fetched data for 
TSLA", "ticker": "TSLA", 
"current_price": 
430.3299865722656}
≡ƒÆ¼ Your query: 
≡ƒöä Analyzing...
----------------------------------------------------------------------

≡ƒôè TITAN ANALYSIS:

**TSLA Technical Analysis**

**Current:** $430.33

**Indicators:**
- RSI: N/A
- MACD: N/A
- Bollinger: N/A
- MAs: 50d=N/A, 200d=N/A
- Volume: Normal

**Price Action:**
- Trend: Uptrend
- Support: $266.87 | Resistance: $541.16
- Pattern: None

**SIGNAL:** HOLD
**CONFIDENCE:** 70%
**REASONING:** The trend is up, and the price is within its historical range. However, critical indicators are unavailable for a stronger conviction.

======================================================================

≡ƒÆ¼ Your query: 
≡ƒæï Thank you for using Titan Platform!
